We compiled against SDL version 2.32.4 ...
But we are linking against SDL version 2.32.4.
Failed to create /home/agent/.cache/mesa_shader_cache for shader cache (Read-only file system)---disabling.
Failed to create /home/agent/.cache/mesa_shader_cache_db for shader cache (Read-only file system)---disabling.
VideoTask::Start: graphics context ready at 1280x720.
GraphicsTask::Starting
BulletRenderer initialized successfully
EffectRenderer initialized successfully
GraphicsTask: Initializing new centralized rendering pipeline
RenderingPipeline initializing... 
[Gameplay diagnostics omitted; complete local log was checked for GL/shader failures.]
PlayerManager::NextFrame() - Updating 1 players
PlayerManager::NextFrame() - Complete
GraphicsTask: ClosingFont 
GraphicsTask: Cleaning up new rendering pipeline
EffectRenderer cleaned up
BulletRenderer cleaned up
TerrainRenderer cleaned up 
GraphicsTask: New rendering pipeline cleanup complete
TerrainRenderer cleaned up 
BulletRenderer cleaned up
EffectRenderer cleaned up
GraphicsTask: Stopped 
