We compiled against SDL version 2.32.4 ...
But we are linking against SDL version 2.32.4.
VideoTask::Start: graphics context ready at 1280x720.
GraphicsTask::Starting
BulletRenderer initialized successfully
EffectRenderer initialized successfully
GraphicsTask: Initializing new centralized rendering pipeline
RenderingPipeline initializing...
BulletRenderer initialized successfully
EffectRenderer initialized successfully
[Gameplay diagnostics omitted; complete local log was checked for GL/shader failures.]
CollisionSystem::OnSphereCollisionQuery - pos=(49.40, 2.25, 113.00) radius=0.10
CollisionSystem::OnSphereCollisionQuery - found 0 entities
GraphicsTask: ClosingFont
GraphicsTask: Cleaning up new rendering pipeline
EffectRenderer cleaned up
BulletRenderer cleaned up
TerrainRenderer cleaned up
GraphicsTask: New rendering pipeline cleanup complete
TerrainRenderer cleaned up
BulletRenderer cleaned up
EffectRenderer cleaned up
GraphicsTask: Stopped
